INFO:     Started server process [32700]
INFO:     Waiting for application startup.
INFO:     Application startup complete.
INFO:     Uvicorn running on http://127.0.0.1:8000 (Press CTRL+C to quit)
--- Logging error ---
Traceback (most recent call last):
  File "C:\Users\MILAN\AppData\Local\Programs\Python\Python311\Lib\logging\__init__.py", line 1113, in emit
    stream.write(msg + self.terminator)
  File "C:\Users\MILAN\AppData\Local\Programs\Python\Python311\Lib\encodings\cp1252.py", line 19, in encode
    return codecs.charmap_encode(input,self.errors,encoding_table)[0]
           ^^^^^^^^^^^^^^^^^^^^^^^^^^^^^^^^^^^^^^^^^^^^^^^^^^^^^^^
UnicodeEncodeError: 'charmap' codec can't encode character '\u2192' in position 127: character maps to <undefined>
Call stack:
  File "<frozen runpy>", line 198, in _run_module_as_main
  File "<frozen runpy>", line 88, in _run_code
  File "C:\Users\MILAN\Downloads\pdf extraction\backend\venv\Lib\site-packages\uvicorn\__main__.py", line 4, in <module>
    uvicorn.main()
  File "C:\Users\MILAN\Downloads\pdf extraction\backend\venv\Lib\site-packages\click\core.py", line 1524, in __call__
    return self.main(*args, **kwargs)
  File "C:\Users\MILAN\Downloads\pdf extraction\backend\venv\Lib\site-packages\click\core.py", line 1445, in main
    rv = self.invoke(ctx)
  File "C:\Users\MILAN\Downloads\pdf extraction\backend\venv\Lib\site-packages\click\core.py", line 1308, in invoke
    return ctx.invoke(self.callback, **ctx.params)
  File "C:\Users\MILAN\Downloads\pdf extraction\backend\venv\Lib\site-packages\click\core.py", line 877, in invoke
    return callback(*args, **kwargs)
  File "C:\Users\MILAN\Downloads\pdf extraction\backend\venv\Lib\site-packages\uvicorn\main.py", line 410, in main
    run(
  File "C:\Users\MILAN\Downloads\pdf extraction\backend\venv\Lib\site-packages\uvicorn\main.py", line 577, in run
    server.run()
  File "C:\Users\MILAN\Downloads\pdf extraction\backend\venv\Lib\site-packages\uvicorn\server.py", line 65, in run
    return asyncio.run(self.serve(sockets=sockets))
  File "C:\Users\MILAN\AppData\Local\Programs\Python\Python311\Lib\asyncio\runners.py", line 190, in run
    return runner.run(main)
  File "C:\Users\MILAN\AppData\Local\Programs\Python\Python311\Lib\asyncio\runners.py", line 118, in run
    return self._loop.run_until_complete(task)
  File "C:\Users\MILAN\AppData\Local\Programs\Python\Python311\Lib\asyncio\base_events.py", line 640, in run_until_complete
    self.run_forever()
  File "C:\Users\MILAN\AppData\Local\Programs\Python\Python311\Lib\asyncio\windows_events.py", line 321, in run_forever
    super().run_forever()
  File "C:\Users\MILAN\AppData\Local\Programs\Python\Python311\Lib\asyncio\base_events.py", line 607, in run_forever
    self._run_once()
  File "C:\Users\MILAN\AppData\Local\Programs\Python\Python311\Lib\asyncio\base_events.py", line 1922, in _run_once
    handle._run()
  File "C:\Users\MILAN\AppData\Local\Programs\Python\Python311\Lib\asyncio\events.py", line 80, in _run
    self._context.run(self._callback, *self._args)
  File "C:\Users\MILAN\Downloads\pdf extraction\backend\venv\Lib\site-packages\uvicorn\protocols\http\httptools_impl.py", line 401, in run_asgi
    result = await app(  # type: ignore[func-returns-value]
  File "C:\Users\MILAN\Downloads\pdf extraction\backend\venv\Lib\site-packages\uvicorn\middleware\proxy_headers.py", line 70, in __call__
    return await self.app(scope, receive, send)
  File "C:\Users\MILAN\Downloads\pdf extraction\backend\venv\Lib\site-packages\fastapi\applications.py", line 1159, in __call__
    await super().__call__(scope, receive, send)
  File "C:\Users\MILAN\Downloads\pdf extraction\backend\venv\Lib\site-packages\starlette\applications.py", line 107, in __call__
    await self.middleware_stack(scope, receive, send)
  File "C:\Users\MILAN\Downloads\pdf extraction\backend\venv\Lib\site-packages\starlette\middleware\errors.py", line 164, in __call__
    await self.app(scope, receive, _send)
  File "C:\Users\MILAN\Downloads\pdf extraction\backend\venv\Lib\site-packages\starlette\middleware\cors.py", line 95, in __call__
    await self.simple_response(scope, receive, send, request_headers=headers)
  File "C:\Users\MILAN\Downloads\pdf extraction\backend\venv\Lib\site-packages\starlette\middleware\cors.py", line 153, in simple_response
    await self.app(scope, receive, send)
  File "C:\Users\MILAN\Downloads\pdf extraction\backend\venv\Lib\site-packages\starlette\middleware\exceptions.py", line 63, in __call__
    await wrap_app_handling_exceptions(self.app, conn)(scope, receive, send)
  File "C:\Users\MILAN\Downloads\pdf extraction\backend\venv\Lib\site-packages\starlette\_exception_handler.py", line 42, in wrapped_app
    await app(scope, receive, sender)
  File "C:\Users\MILAN\Downloads\pdf extraction\backend\venv\Lib\site-packages\fastapi\middleware\asyncexitstack.py", line 18, in __call__
    await self.app(scope, receive, send)
  File "C:\Users\MILAN\Downloads\pdf extraction\backend\venv\Lib\site-packages\starlette\routing.py", line 716, in __call__
    await self.middleware_stack(scope, receive, send)
  File "C:\Users\MILAN\Downloads\pdf extraction\backend\venv\Lib\site-packages\starlette\routing.py", line 736, in app
    await route.handle(scope, receive, send)
  File "C:\Users\MILAN\Downloads\pdf extraction\backend\venv\Lib\site-packages\starlette\routing.py", line 290, in handle
    await self.app(scope, receive, send)
  File "C:\Users\MILAN\Downloads\pdf extraction\backend\venv\Lib\site-packages\fastapi\routing.py", line 134, in app
    await wrap_app_handling_exceptions(app, request)(scope, receive, send)
  File "C:\Users\MILAN\Downloads\pdf extraction\backend\venv\Lib\site-packages\starlette\_exception_handler.py", line 42, in wrapped_app
    await app(scope, receive, sender)
  File "C:\Users\MILAN\Downloads\pdf extraction\backend\venv\Lib\site-packages\fastapi\routing.py", line 120, in app
    response = await f(request)
  File "C:\Users\MILAN\Downloads\pdf extraction\backend\venv\Lib\site-packages\fastapi\routing.py", line 674, in app
    raw_response = await run_endpoint_function(
  File "C:\Users\MILAN\Downloads\pdf extraction\backend\venv\Lib\site-packages\fastapi\routing.py", line 328, in run_endpoint_function
    return await dependant.call(**values)
  File "C:\Users\MILAN\Downloads\pdf extraction\backend\app\api\routes.py", line 125, in extract_ncert_pdf
    await download_pdf(str(request.pdf_url), pdf_path)
  File "C:\Users\MILAN\Downloads\pdf extraction\backend\app\services\pdf_service.py", line 52, in download_pdf
    logger.info("Downloading PDF from %s \u2192 %s", url, destination)
Message: 'Downloading PDF from %s \u2192 %s'
Arguments: ('https://ncert.nic.in/textbook/pdf/iesc101.pdf', WindowsPath('tmp/ncert/5683781e24eb/input.pdf'))
--- Logging error ---
Traceback (most recent call last):
  File "C:\Users\MILAN\AppData\Local\Programs\Python\Python311\Lib\logging\__init__.py", line 1113, in emit
    stream.write(msg + self.terminator)
  File "C:\Users\MILAN\AppData\Local\Programs\Python\Python311\Lib\encodings\cp1252.py", line 19, in encode
    return codecs.charmap_encode(input,self.errors,encoding_table)[0]
           ^^^^^^^^^^^^^^^^^^^^^^^^^^^^^^^^^^^^^^^^^^^^^^^^^^^^^^^
UnicodeEncodeError: 'charmap' codec can't encode character '\u2192' in position 127: character maps to <undefined>
Call stack:
  File "<frozen runpy>", line 198, in _run_module_as_main
  File "<frozen runpy>", line 88, in _run_code
  File "C:\Users\MILAN\Downloads\pdf extraction\backend\venv\Lib\site-packages\uvicorn\__main__.py", line 4, in <module>
    uvicorn.main()
  File "C:\Users\MILAN\Downloads\pdf extraction\backend\venv\Lib\site-packages\click\core.py", line 1524, in __call__
    return self.main(*args, **kwargs)
  File "C:\Users\MILAN\Downloads\pdf extraction\backend\venv\Lib\site-packages\click\core.py", line 1445, in main
    rv = self.invoke(ctx)
  File "C:\Users\MILAN\Downloads\pdf extraction\backend\venv\Lib\site-packages\click\core.py", line 1308, in invoke
    return ctx.invoke(self.callback, **ctx.params)
  File "C:\Users\MILAN\Downloads\pdf extraction\backend\venv\Lib\site-packages\click\core.py", line 877, in invoke
    return callback(*args, **kwargs)
  File "C:\Users\MILAN\Downloads\pdf extraction\backend\venv\Lib\site-packages\uvicorn\main.py", line 410, in main
    run(
  File "C:\Users\MILAN\Downloads\pdf extraction\backend\venv\Lib\site-packages\uvicorn\main.py", line 577, in run
    server.run()
  File "C:\Users\MILAN\Downloads\pdf extraction\backend\venv\Lib\site-packages\uvicorn\server.py", line 65, in run
    return asyncio.run(self.serve(sockets=sockets))
  File "C:\Users\MILAN\AppData\Local\Programs\Python\Python311\Lib\asyncio\runners.py", line 190, in run
    return runner.run(main)
  File "C:\Users\MILAN\AppData\Local\Programs\Python\Python311\Lib\asyncio\runners.py", line 118, in run
    return self._loop.run_until_complete(task)
  File "C:\Users\MILAN\AppData\Local\Programs\Python\Python311\Lib\asyncio\base_events.py", line 640, in run_until_complete
    self.run_forever()
  File "C:\Users\MILAN\AppData\Local\Programs\Python\Python311\Lib\asyncio\windows_events.py", line 321, in run_forever
    super().run_forever()
  File "C:\Users\MILAN\AppData\Local\Programs\Python\Python311\Lib\asyncio\base_events.py", line 607, in run_forever
    self._run_once()
  File "C:\Users\MILAN\AppData\Local\Programs\Python\Python311\Lib\asyncio\base_events.py", line 1922, in _run_once
    handle._run()
  File "C:\Users\MILAN\AppData\Local\Programs\Python\Python311\Lib\asyncio\events.py", line 80, in _run
    self._context.run(self._callback, *self._args)
  File "C:\Users\MILAN\Downloads\pdf extraction\backend\venv\Lib\site-packages\uvicorn\protocols\http\httptools_impl.py", line 401, in run_asgi
    result = await app(  # type: ignore[func-returns-value]
  File "C:\Users\MILAN\Downloads\pdf extraction\backend\venv\Lib\site-packages\uvicorn\middleware\proxy_headers.py", line 70, in __call__
    return await self.app(scope, receive, send)
  File "C:\Users\MILAN\Downloads\pdf extraction\backend\venv\Lib\site-packages\fastapi\applications.py", line 1159, in __call__
    await super().__call__(scope, receive, send)
  File "C:\Users\MILAN\Downloads\pdf extraction\backend\venv\Lib\site-packages\starlette\applications.py", line 107, in __call__
    await self.middleware_stack(scope, receive, send)
  File "C:\Users\MILAN\Downloads\pdf extraction\backend\venv\Lib\site-packages\starlette\middleware\errors.py", line 164, in __call__
    await self.app(scope, receive, _send)
  File "C:\Users\MILAN\Downloads\pdf extraction\backend\venv\Lib\site-packages\starlette\middleware\cors.py", line 95, in __call__
    await self.simple_response(scope, receive, send, request_headers=headers)
  File "C:\Users\MILAN\Downloads\pdf extraction\backend\venv\Lib\site-packages\starlette\middleware\cors.py", line 153, in simple_response
    await self.app(scope, receive, send)
  File "C:\Users\MILAN\Downloads\pdf extraction\backend\venv\Lib\site-packages\starlette\middleware\exceptions.py", line 63, in __call__
    await wrap_app_handling_exceptions(self.app, conn)(scope, receive, send)
  File "C:\Users\MILAN\Downloads\pdf extraction\backend\venv\Lib\site-packages\starlette\_exception_handler.py", line 42, in wrapped_app
    await app(scope, receive, sender)
  File "C:\Users\MILAN\Downloads\pdf extraction\backend\venv\Lib\site-packages\fastapi\middleware\asyncexitstack.py", line 18, in __call__
    await self.app(scope, receive, send)
  File "C:\Users\MILAN\Downloads\pdf extraction\backend\venv\Lib\site-packages\starlette\routing.py", line 716, in __call__
    await self.middleware_stack(scope, receive, send)
  File "C:\Users\MILAN\Downloads\pdf extraction\backend\venv\Lib\site-packages\starlette\routing.py", line 736, in app
    await route.handle(scope, receive, send)
  File "C:\Users\MILAN\Downloads\pdf extraction\backend\venv\Lib\site-packages\starlette\routing.py", line 290, in handle
    await self.app(scope, receive, send)
  File "C:\Users\MILAN\Downloads\pdf extraction\backend\venv\Lib\site-packages\fastapi\routing.py", line 134, in app
    await wrap_app_handling_exceptions(app, request)(scope, receive, send)
  File "C:\Users\MILAN\Downloads\pdf extraction\backend\venv\Lib\site-packages\starlette\_exception_handler.py", line 42, in wrapped_app
    await app(scope, receive, sender)
  File "C:\Users\MILAN\Downloads\pdf extraction\backend\venv\Lib\site-packages\fastapi\routing.py", line 120, in app
    response = await f(request)
  File "C:\Users\MILAN\Downloads\pdf extraction\backend\venv\Lib\site-packages\fastapi\routing.py", line 674, in app
    raw_response = await run_endpoint_function(
  File "C:\Users\MILAN\Downloads\pdf extraction\backend\venv\Lib\site-packages\fastapi\routing.py", line 328, in run_endpoint_function
    return await dependant.call(**values)
  File "C:\Users\MILAN\Downloads\pdf extraction\backend\app\api\routes.py", line 125, in extract_ncert_pdf
    await download_pdf(str(request.pdf_url), pdf_path)
  File "C:\Users\MILAN\Downloads\pdf extraction\backend\app\services\pdf_service.py", line 52, in download_pdf
    logger.info("Downloading PDF from %s \u2192 %s", url, destination)
Message: 'Downloading PDF from %s \u2192 %s'
Arguments: ('https://ncert.nic.in/textbook/pdf/iesc101.pdf', WindowsPath('tmp/ncert/7e1e18122b1f/input.pdf'))
--- Logging error ---
Traceback (most recent call last):
  File "C:\Users\MILAN\AppData\Local\Programs\Python\Python311\Lib\logging\__init__.py", line 1113, in emit
    stream.write(msg + self.terminator)
  File "C:\Users\MILAN\AppData\Local\Programs\Python\Python311\Lib\encodings\cp1252.py", line 19, in encode
    return codecs.charmap_encode(input,self.errors,encoding_table)[0]
           ^^^^^^^^^^^^^^^^^^^^^^^^^^^^^^^^^^^^^^^^^^^^^^^^^^^^^^^
UnicodeEncodeError: 'charmap' codec can't encode character '\u2192' in position 127: character maps to <undefined>
Call stack:
  File "<frozen runpy>", line 198, in _run_module_as_main
  File "<frozen runpy>", line 88, in _run_code
  File "C:\Users\MILAN\Downloads\pdf extraction\backend\venv\Lib\site-packages\uvicorn\__main__.py", line 4, in <module>
    uvicorn.main()
  File "C:\Users\MILAN\Downloads\pdf extraction\backend\venv\Lib\site-packages\click\core.py", line 1524, in __call__
    return self.main(*args, **kwargs)
  File "C:\Users\MILAN\Downloads\pdf extraction\backend\venv\Lib\site-packages\click\core.py", line 1445, in main
    rv = self.invoke(ctx)
  File "C:\Users\MILAN\Downloads\pdf extraction\backend\venv\Lib\site-packages\click\core.py", line 1308, in invoke
    return ctx.invoke(self.callback, **ctx.params)
  File "C:\Users\MILAN\Downloads\pdf extraction\backend\venv\Lib\site-packages\click\core.py", line 877, in invoke
    return callback(*args, **kwargs)
  File "C:\Users\MILAN\Downloads\pdf extraction\backend\venv\Lib\site-packages\uvicorn\main.py", line 410, in main
    run(
  File "C:\Users\MILAN\Downloads\pdf extraction\backend\venv\Lib\site-packages\uvicorn\main.py", line 577, in run
    server.run()
  File "C:\Users\MILAN\Downloads\pdf extraction\backend\venv\Lib\site-packages\uvicorn\server.py", line 65, in run
    return asyncio.run(self.serve(sockets=sockets))
  File "C:\Users\MILAN\AppData\Local\Programs\Python\Python311\Lib\asyncio\runners.py", line 190, in run
    return runner.run(main)
  File "C:\Users\MILAN\AppData\Local\Programs\Python\Python311\Lib\asyncio\runners.py", line 118, in run
    return self._loop.run_until_complete(task)
  File "C:\Users\MILAN\AppData\Local\Programs\Python\Python311\Lib\asyncio\base_events.py", line 640, in run_until_complete
    self.run_forever()
  File "C:\Users\MILAN\AppData\Local\Programs\Python\Python311\Lib\asyncio\windows_events.py", line 321, in run_forever
    super().run_forever()
  File "C:\Users\MILAN\AppData\Local\Programs\Python\Python311\Lib\asyncio\base_events.py", line 607, in run_forever
    self._run_once()
  File "C:\Users\MILAN\AppData\Local\Programs\Python\Python311\Lib\asyncio\base_events.py", line 1922, in _run_once
    handle._run()
  File "C:\Users\MILAN\AppData\Local\Programs\Python\Python311\Lib\asyncio\events.py", line 80, in _run
    self._context.run(self._callback, *self._args)
  File "C:\Users\MILAN\Downloads\pdf extraction\backend\venv\Lib\site-packages\uvicorn\protocols\http\httptools_impl.py", line 401, in run_asgi
    result = await app(  # type: ignore[func-returns-value]
  File "C:\Users\MILAN\Downloads\pdf extraction\backend\venv\Lib\site-packages\uvicorn\middleware\proxy_headers.py", line 70, in __call__
    return await self.app(scope, receive, send)
  File "C:\Users\MILAN\Downloads\pdf extraction\backend\venv\Lib\site-packages\fastapi\applications.py", line 1159, in __call__
    await super().__call__(scope, receive, send)
  File "C:\Users\MILAN\Downloads\pdf extraction\backend\venv\Lib\site-packages\starlette\applications.py", line 107, in __call__
    await self.middleware_stack(scope, receive, send)
  File "C:\Users\MILAN\Downloads\pdf extraction\backend\venv\Lib\site-packages\starlette\middleware\errors.py", line 164, in __call__
    await self.app(scope, receive, _send)
  File "C:\Users\MILAN\Downloads\pdf extraction\backend\venv\Lib\site-packages\starlette\middleware\cors.py", line 95, in __call__
    await self.simple_response(scope, receive, send, request_headers=headers)
  File "C:\Users\MILAN\Downloads\pdf extraction\backend\venv\Lib\site-packages\starlette\middleware\cors.py", line 153, in simple_response
    await self.app(scope, receive, send)
  File "C:\Users\MILAN\Downloads\pdf extraction\backend\venv\Lib\site-packages\starlette\middleware\exceptions.py", line 63, in __call__
    await wrap_app_handling_exceptions(self.app, conn)(scope, receive, send)
  File "C:\Users\MILAN\Downloads\pdf extraction\backend\venv\Lib\site-packages\starlette\_exception_handler.py", line 42, in wrapped_app
    await app(scope, receive, sender)
  File "C:\Users\MILAN\Downloads\pdf extraction\backend\venv\Lib\site-packages\fastapi\middleware\asyncexitstack.py", line 18, in __call__
    await self.app(scope, receive, send)
  File "C:\Users\MILAN\Downloads\pdf extraction\backend\venv\Lib\site-packages\starlette\routing.py", line 716, in __call__
    await self.middleware_stack(scope, receive, send)
  File "C:\Users\MILAN\Downloads\pdf extraction\backend\venv\Lib\site-packages\starlette\routing.py", line 736, in app
    await route.handle(scope, receive, send)
  File "C:\Users\MILAN\Downloads\pdf extraction\backend\venv\Lib\site-packages\starlette\routing.py", line 290, in handle
    await self.app(scope, receive, send)
  File "C:\Users\MILAN\Downloads\pdf extraction\backend\venv\Lib\site-packages\fastapi\routing.py", line 134, in app
    await wrap_app_handling_exceptions(app, request)(scope, receive, send)
  File "C:\Users\MILAN\Downloads\pdf extraction\backend\venv\Lib\site-packages\starlette\_exception_handler.py", line 42, in wrapped_app
    await app(scope, receive, sender)
  File "C:\Users\MILAN\Downloads\pdf extraction\backend\venv\Lib\site-packages\fastapi\routing.py", line 120, in app
    response = await f(request)
  File "C:\Users\MILAN\Downloads\pdf extraction\backend\venv\Lib\site-packages\fastapi\routing.py", line 674, in app
    raw_response = await run_endpoint_function(
  File "C:\Users\MILAN\Downloads\pdf extraction\backend\venv\Lib\site-packages\fastapi\routing.py", line 328, in run_endpoint_function
    return await dependant.call(**values)
  File "C:\Users\MILAN\Downloads\pdf extraction\backend\app\api\routes.py", line 125, in extract_ncert_pdf
    await download_pdf(str(request.pdf_url), pdf_path)
  File "C:\Users\MILAN\Downloads\pdf extraction\backend\app\services\pdf_service.py", line 52, in download_pdf
    logger.info("Downloading PDF from %s \u2192 %s", url, destination)
Message: 'Downloading PDF from %s \u2192 %s'
Arguments: ('https://ncert.nic.in/textbook/pdf/iemh101.pdf', WindowsPath('tmp/ncert/afc81d724f1e/input.pdf'))
--- Logging error ---
Traceback (most recent call last):
  File "C:\Users\MILAN\AppData\Local\Programs\Python\Python311\Lib\logging\__init__.py", line 1113, in emit
    stream.write(msg + self.terminator)
  File "C:\Users\MILAN\AppData\Local\Programs\Python\Python311\Lib\encodings\cp1252.py", line 19, in encode
    return codecs.charmap_encode(input,self.errors,encoding_table)[0]
           ^^^^^^^^^^^^^^^^^^^^^^^^^^^^^^^^^^^^^^^^^^^^^^^^^^^^^^^
UnicodeEncodeError: 'charmap' codec can't encode character '\u2192' in position 127: character maps to <undefined>
Call stack:
  File "<frozen runpy>", line 198, in _run_module_as_main
  File "<frozen runpy>", line 88, in _run_code
  File "C:\Users\MILAN\Downloads\pdf extraction\backend\venv\Lib\site-packages\uvicorn\__main__.py", line 4, in <module>
    uvicorn.main()
  File "C:\Users\MILAN\Downloads\pdf extraction\backend\venv\Lib\site-packages\click\core.py", line 1524, in __call__
    return self.main(*args, **kwargs)
  File "C:\Users\MILAN\Downloads\pdf extraction\backend\venv\Lib\site-packages\click\core.py", line 1445, in main
    rv = self.invoke(ctx)
  File "C:\Users\MILAN\Downloads\pdf extraction\backend\venv\Lib\site-packages\click\core.py", line 1308, in invoke
    return ctx.invoke(self.callback, **ctx.params)
  File "C:\Users\MILAN\Downloads\pdf extraction\backend\venv\Lib\site-packages\click\core.py", line 877, in invoke
    return callback(*args, **kwargs)
  File "C:\Users\MILAN\Downloads\pdf extraction\backend\venv\Lib\site-packages\uvicorn\main.py", line 410, in main
    run(
  File "C:\Users\MILAN\Downloads\pdf extraction\backend\venv\Lib\site-packages\uvicorn\main.py", line 577, in run
    server.run()
  File "C:\Users\MILAN\Downloads\pdf extraction\backend\venv\Lib\site-packages\uvicorn\server.py", line 65, in run
    return asyncio.run(self.serve(sockets=sockets))
  File "C:\Users\MILAN\AppData\Local\Programs\Python\Python311\Lib\asyncio\runners.py", line 190, in run
    return runner.run(main)
  File "C:\Users\MILAN\AppData\Local\Programs\Python\Python311\Lib\asyncio\runners.py", line 118, in run
    return self._loop.run_until_complete(task)
  File "C:\Users\MILAN\AppData\Local\Programs\Python\Python311\Lib\asyncio\base_events.py", line 640, in run_until_complete
    self.run_forever()
  File "C:\Users\MILAN\AppData\Local\Programs\Python\Python311\Lib\asyncio\windows_events.py", line 321, in run_forever
    super().run_forever()
  File "C:\Users\MILAN\AppData\Local\Programs\Python\Python311\Lib\asyncio\base_events.py", line 607, in run_forever
    self._run_once()
  File "C:\Users\MILAN\AppData\Local\Programs\Python\Python311\Lib\asyncio\base_events.py", line 1922, in _run_once
    handle._run()
  File "C:\Users\MILAN\AppData\Local\Programs\Python\Python311\Lib\asyncio\events.py", line 80, in _run
    self._context.run(self._callback, *self._args)
  File "C:\Users\MILAN\Downloads\pdf extraction\backend\venv\Lib\site-packages\uvicorn\protocols\http\httptools_impl.py", line 401, in run_asgi
    result = await app(  # type: ignore[func-returns-value]
  File "C:\Users\MILAN\Downloads\pdf extraction\backend\venv\Lib\site-packages\uvicorn\middleware\proxy_headers.py", line 70, in __call__
    return await self.app(scope, receive, send)
  File "C:\Users\MILAN\Downloads\pdf extraction\backend\venv\Lib\site-packages\fastapi\applications.py", line 1159, in __call__
    await super().__call__(scope, receive, send)
  File "C:\Users\MILAN\Downloads\pdf extraction\backend\venv\Lib\site-packages\starlette\applications.py", line 107, in __call__
    await self.middleware_stack(scope, receive, send)
  File "C:\Users\MILAN\Downloads\pdf extraction\backend\venv\Lib\site-packages\starlette\middleware\errors.py", line 164, in __call__
    await self.app(scope, receive, _send)
  File "C:\Users\MILAN\Downloads\pdf extraction\backend\venv\Lib\site-packages\starlette\middleware\cors.py", line 95, in __call__
    await self.simple_response(scope, receive, send, request_headers=headers)
  File "C:\Users\MILAN\Downloads\pdf extraction\backend\venv\Lib\site-packages\starlette\middleware\cors.py", line 153, in simple_response
    await self.app(scope, receive, send)
  File "C:\Users\MILAN\Downloads\pdf extraction\backend\venv\Lib\site-packages\starlette\middleware\exceptions.py", line 63, in __call__
    await wrap_app_handling_exceptions(self.app, conn)(scope, receive, send)
  File "C:\Users\MILAN\Downloads\pdf extraction\backend\venv\Lib\site-packages\starlette\_exception_handler.py", line 42, in wrapped_app
    await app(scope, receive, sender)
  File "C:\Users\MILAN\Downloads\pdf extraction\backend\venv\Lib\site-packages\fastapi\middleware\asyncexitstack.py", line 18, in __call__
    await self.app(scope, receive, send)
  File "C:\Users\MILAN\Downloads\pdf extraction\backend\venv\Lib\site-packages\starlette\routing.py", line 716, in __call__
    await self.middleware_stack(scope, receive, send)
  File "C:\Users\MILAN\Downloads\pdf extraction\backend\venv\Lib\site-packages\starlette\routing.py", line 736, in app
    await route.handle(scope, receive, send)
  File "C:\Users\MILAN\Downloads\pdf extraction\backend\venv\Lib\site-packages\starlette\routing.py", line 290, in handle
    await self.app(scope, receive, send)
  File "C:\Users\MILAN\Downloads\pdf extraction\backend\venv\Lib\site-packages\fastapi\routing.py", line 134, in app
    await wrap_app_handling_exceptions(app, request)(scope, receive, send)
  File "C:\Users\MILAN\Downloads\pdf extraction\backend\venv\Lib\site-packages\starlette\_exception_handler.py", line 42, in wrapped_app
    await app(scope, receive, sender)
  File "C:\Users\MILAN\Downloads\pdf extraction\backend\venv\Lib\site-packages\fastapi\routing.py", line 120, in app
    response = await f(request)
  File "C:\Users\MILAN\Downloads\pdf extraction\backend\venv\Lib\site-packages\fastapi\routing.py", line 674, in app
    raw_response = await run_endpoint_function(
  File "C:\Users\MILAN\Downloads\pdf extraction\backend\venv\Lib\site-packages\fastapi\routing.py", line 328, in run_endpoint_function
    return await dependant.call(**values)
  File "C:\Users\MILAN\Downloads\pdf extraction\backend\app\api\routes.py", line 125, in extract_ncert_pdf
    await download_pdf(str(request.pdf_url), pdf_path)
  File "C:\Users\MILAN\Downloads\pdf extraction\backend\app\services\pdf_service.py", line 52, in download_pdf
    logger.info("Downloading PDF from %s \u2192 %s", url, destination)
Message: 'Downloading PDF from %s \u2192 %s'
Arguments: ('https://ncert.nic.in/textbook/pdf/iemh101.pdf', WindowsPath('tmp/ncert/8d9da9ef627f/input.pdf'))
--- Logging error ---
Traceback (most recent call last):
  File "C:\Users\MILAN\AppData\Local\Programs\Python\Python311\Lib\logging\__init__.py", line 1113, in emit
    stream.write(msg + self.terminator)
  File "C:\Users\MILAN\AppData\Local\Programs\Python\Python311\Lib\encodings\cp1252.py", line 19, in encode
    return codecs.charmap_encode(input,self.errors,encoding_table)[0]
           ^^^^^^^^^^^^^^^^^^^^^^^^^^^^^^^^^^^^^^^^^^^^^^^^^^^^^^^
UnicodeEncodeError: 'charmap' codec can't encode character '\u2192' in position 127: character maps to <undefined>
Call stack:
  File "<frozen runpy>", line 198, in _run_module_as_main
  File "<frozen runpy>", line 88, in _run_code
  File "C:\Users\MILAN\Downloads\pdf extraction\backend\venv\Lib\site-packages\uvicorn\__main__.py", line 4, in <module>
    uvicorn.main()
  File "C:\Users\MILAN\Downloads\pdf extraction\backend\venv\Lib\site-packages\click\core.py", line 1524, in __call__
    return self.main(*args, **kwargs)
  File "C:\Users\MILAN\Downloads\pdf extraction\backend\venv\Lib\site-packages\click\core.py", line 1445, in main
    rv = self.invoke(ctx)
  File "C:\Users\MILAN\Downloads\pdf extraction\backend\venv\Lib\site-packages\click\core.py", line 1308, in invoke
    return ctx.invoke(self.callback, **ctx.params)
  File "C:\Users\MILAN\Downloads\pdf extraction\backend\venv\Lib\site-packages\click\core.py", line 877, in invoke
    return callback(*args, **kwargs)
  File "C:\Users\MILAN\Downloads\pdf extraction\backend\venv\Lib\site-packages\uvicorn\main.py", line 410, in main
    run(
  File "C:\Users\MILAN\Downloads\pdf extraction\backend\venv\Lib\site-packages\uvicorn\main.py", line 577, in run
    server.run()
  File "C:\Users\MILAN\Downloads\pdf extraction\backend\venv\Lib\site-packages\uvicorn\server.py", line 65, in run
    return asyncio.run(self.serve(sockets=sockets))
  File "C:\Users\MILAN\AppData\Local\Programs\Python\Python311\Lib\asyncio\runners.py", line 190, in run
    return runner.run(main)
  File "C:\Users\MILAN\AppData\Local\Programs\Python\Python311\Lib\asyncio\runners.py", line 118, in run
    return self._loop.run_until_complete(task)
  File "C:\Users\MILAN\AppData\Local\Programs\Python\Python311\Lib\asyncio\base_events.py", line 640, in run_until_complete
    self.run_forever()
  File "C:\Users\MILAN\AppData\Local\Programs\Python\Python311\Lib\asyncio\windows_events.py", line 321, in run_forever
    super().run_forever()
  File "C:\Users\MILAN\AppData\Local\Programs\Python\Python311\Lib\asyncio\base_events.py", line 607, in run_forever
    self._run_once()
  File "C:\Users\MILAN\AppData\Local\Programs\Python\Python311\Lib\asyncio\base_events.py", line 1922, in _run_once
    handle._run()
  File "C:\Users\MILAN\AppData\Local\Programs\Python\Python311\Lib\asyncio\events.py", line 80, in _run
    self._context.run(self._callback, *self._args)
  File "C:\Users\MILAN\Downloads\pdf extraction\backend\venv\Lib\site-packages\uvicorn\protocols\http\httptools_impl.py", line 401, in run_asgi
    result = await app(  # type: ignore[func-returns-value]
  File "C:\Users\MILAN\Downloads\pdf extraction\backend\venv\Lib\site-packages\uvicorn\middleware\proxy_headers.py", line 70, in __call__
    return await self.app(scope, receive, send)
  File "C:\Users\MILAN\Downloads\pdf extraction\backend\venv\Lib\site-packages\fastapi\applications.py", line 1159, in __call__
    await super().__call__(scope, receive, send)
  File "C:\Users\MILAN\Downloads\pdf extraction\backend\venv\Lib\site-packages\starlette\applications.py", line 107, in __call__
    await self.middleware_stack(scope, receive, send)
  File "C:\Users\MILAN\Downloads\pdf extraction\backend\venv\Lib\site-packages\starlette\middleware\errors.py", line 164, in __call__
    await self.app(scope, receive, _send)
  File "C:\Users\MILAN\Downloads\pdf extraction\backend\venv\Lib\site-packages\starlette\middleware\cors.py", line 95, in __call__
    await self.simple_response(scope, receive, send, request_headers=headers)
  File "C:\Users\MILAN\Downloads\pdf extraction\backend\venv\Lib\site-packages\starlette\middleware\cors.py", line 153, in simple_response
    await self.app(scope, receive, send)
  File "C:\Users\MILAN\Downloads\pdf extraction\backend\venv\Lib\site-packages\starlette\middleware\exceptions.py", line 63, in __call__
    await wrap_app_handling_exceptions(self.app, conn)(scope, receive, send)
  File "C:\Users\MILAN\Downloads\pdf extraction\backend\venv\Lib\site-packages\starlette\_exception_handler.py", line 42, in wrapped_app
    await app(scope, receive, sender)
  File "C:\Users\MILAN\Downloads\pdf extraction\backend\venv\Lib\site-packages\fastapi\middleware\asyncexitstack.py", line 18, in __call__
    await self.app(scope, receive, send)
  File "C:\Users\MILAN\Downloads\pdf extraction\backend\venv\Lib\site-packages\starlette\routing.py", line 716, in __call__
    await self.middleware_stack(scope, receive, send)
  File "C:\Users\MILAN\Downloads\pdf extraction\backend\venv\Lib\site-packages\starlette\routing.py", line 736, in app
    await route.handle(scope, receive, send)
  File "C:\Users\MILAN\Downloads\pdf extraction\backend\venv\Lib\site-packages\starlette\routing.py", line 290, in handle
    await self.app(scope, receive, send)
  File "C:\Users\MILAN\Downloads\pdf extraction\backend\venv\Lib\site-packages\fastapi\routing.py", line 134, in app
    await wrap_app_handling_exceptions(app, request)(scope, receive, send)
  File "C:\Users\MILAN\Downloads\pdf extraction\backend\venv\Lib\site-packages\starlette\_exception_handler.py", line 42, in wrapped_app
    await app(scope, receive, sender)
  File "C:\Users\MILAN\Downloads\pdf extraction\backend\venv\Lib\site-packages\fastapi\routing.py", line 120, in app
    response = await f(request)
  File "C:\Users\MILAN\Downloads\pdf extraction\backend\venv\Lib\site-packages\fastapi\routing.py", line 674, in app
    raw_response = await run_endpoint_function(
  File "C:\Users\MILAN\Downloads\pdf extraction\backend\venv\Lib\site-packages\fastapi\routing.py", line 328, in run_endpoint_function
    return await dependant.call(**values)
  File "C:\Users\MILAN\Downloads\pdf extraction\backend\app\api\routes.py", line 125, in extract_ncert_pdf
    await download_pdf(str(request.pdf_url), pdf_path)
  File "C:\Users\MILAN\Downloads\pdf extraction\backend\app\services\pdf_service.py", line 52, in download_pdf
    logger.info("Downloading PDF from %s \u2192 %s", url, destination)
Message: 'Downloading PDF from %s \u2192 %s'
Arguments: ('https://ncert.nic.in/textbook/pdf/iesc105.pdf', WindowsPath('tmp/ncert/06415f5d1ccc/input.pdf'))
